{
   "caches": [
      {
         "path": "git"
      },
      {
         "path": "dev-tools"
      }
   ],
   "inputs": [
      {
         "name": "git"
      },
      {
         "name": "dev-tools"
      }
   ],
   "platform": "linux",
   "run": {
      "dir": "git",
      "path": "pipeline/tasks/build/task.sh"
   }
}
